// Jest Snapshot v1, https://goo.gl/fbAQLP

exports[`RadioButton should render 1`] = `
<label>
  Â 
  <input
    checked={true}
    onChange={[Function]}
    type="radio"
  />
  <span />
</label>
`;
