// Jest Snapshot v1, https://goo.gl/fbAQLP

exports[`DropDownItem should render 1`] = `
<li
  value="A"
/>
`;
