// Jest Snapshot v1, https://goo.gl/fbAQLP

exports[`RadioCheckGroup  should render 1`] = `<div />`;
