// Jest Snapshot v1, https://goo.gl/fbAQLP

exports[`Tag should render 1`] = `
<div
  onClick={[MockFunction]}
  value="A"
/>
`;
