// Jest Snapshot v1, https://goo.gl/fbAQLP

exports[`Input should render 1`] = `
ShallowWrapper {
  Symbol(enzyme.__root__): [Circular],
  Symbol(enzyme.__unrendered__): <Input
    onChange={[MockFunction]}
    onReset={[MockFunction]}
    resetButton={true}
  />,
  Symbol(enzyme.__renderer__): Object {
    "batchedUpdates": [Function],
    "getNode": [Function],
    "render": [Function],
    "simulateError": [Function],
    "simulateEvent": [Function],
    "unmount": [Function],
  },
  Symbol(enzyme.__node__): Object {
    "instance": null,
    "key": undefined,
    "nodeType": "host",
    "props": Object {
      "children": Array [
        <input
          onChange={[MockFunction]}
        />,
        <_default
          onClick={[MockFunction]}
        >
          X
        </_default>,
      ],
      "className": "input-wrap",
    },
    "ref": null,
    "rendered": Array [
      Object {
        "instance": null,
        "key": undefined,
        "nodeType": "host",
        "props": Object {
          "onChange": [MockFunction],
          "onFocus": undefined,
          "onKeyDown": undefined,
          "value": undefined,
        },
        "ref": null,
        "rendered": null,
        "type": "input",
      },
      Object {
        "instance": null,
        "key": undefined,
        "nodeType": "function",
        "props": Object {
          "children": "X",
          "onClick": [MockFunction],
        },
        "ref": null,
        "rendered": "X",
        "type": [Function],
      },
    ],
    "type": "div",
  },
  Symbol(enzyme.__nodes__): Array [
    Object {
      "instance": null,
      "key": undefined,
      "nodeType": "host",
      "props": Object {
        "children": Array [
          <input
            onChange={[MockFunction]}
          />,
          <_default
            onClick={[MockFunction]}
          >
            X
          </_default>,
        ],
        "className": "input-wrap",
      },
      "ref": null,
      "rendered": Array [
        Object {
          "instance": null,
          "key": undefined,
          "nodeType": "host",
          "props": Object {
            "onChange": [MockFunction],
            "onFocus": undefined,
            "onKeyDown": undefined,
            "value": undefined,
          },
          "ref": null,
          "rendered": null,
          "type": "input",
        },
        Object {
          "instance": null,
          "key": undefined,
          "nodeType": "function",
          "props": Object {
            "children": "X",
            "onClick": [MockFunction],
          },
          "ref": null,
          "rendered": "X",
          "type": [Function],
        },
      ],
      "type": "div",
    },
  ],
  Symbol(enzyme.__options__): Object {
    "adapter": ReactSixteenAdapter {
      "options": Object {
        "enableComponentDidUpdateOnSetState": true,
        "lifecycles": Object {
          "componentDidUpdate": Object {
            "onSetState": true,
          },
          "getDerivedStateFromProps": true,
          "getSnapshotBeforeUpdate": true,
          "setState": Object {
            "skipsComponentDidUpdateOnNullish": true,
          },
        },
      },
    },
  },
}
`;
