// Jest Snapshot v1, https://goo.gl/fbAQLP

exports[`Checkbox should render 1`] = `
<label>
  Â 
  <input
    onChange={[Function]}
    type="checkbox"
  />
  <span />
</label>
`;
